2026-03-21 14:35:31,955 INFO Bot config -> AI_ENABLED=True provider=openclaw model=openclaw:main top_k=3 base=http://127.0.0.1:18789/v1
2026-03-21 14:35:32,021 INFO 小牛VPN Telegram 客服机器人已启动
2026-03-21 14:35:32,531 INFO HTTP Request: POST https://api.telegram.org/bot8636938226:AAH6mVOhS_jc50fmu21D9mAT22c5CiCP_D8/getMe "HTTP/1.1 200 OK"
2026-03-21 14:35:32,696 INFO HTTP Request: POST https://api.telegram.org/bot8636938226:AAH6mVOhS_jc50fmu21D9mAT22c5CiCP_D8/deleteWebhook "HTTP/1.1 200 OK"
2026-03-21 14:35:32,698 INFO Application started
2026-03-21 14:35:43,219 INFO HTTP Request: POST https://api.telegram.org/bot8636938226:AAH6mVOhS_jc50fmu21D9mAT22c5CiCP_D8/getUpdates "HTTP/1.1 200 OK"
2026-03-21 14:35:53,349 INFO HTTP Request: POST https://api.telegram.org/bot8636938226:AAH6mVOhS_jc50fmu21D9mAT22c5CiCP_D8/getUpdates "HTTP/1.1 200 OK"
2026-03-21 14:36:03,533 INFO HTTP Request: POST https://api.telegram.org/bot8636938226:AAH6mVOhS_jc50fmu21D9mAT22c5CiCP_D8/getUpdates "HTTP/1.1 200 OK"
2026-03-21 14:36:13,732 INFO HTTP Request: POST https://api.telegram.org/bot8636938226:AAH6mVOhS_jc50fmu21D9mAT22c5CiCP_D8/getUpdates "HTTP/1.1 200 OK"
2026-03-21 14:36:23,856 INFO HTTP Request: POST https://api.telegram.org/bot8636938226:AAH6mVOhS_jc50fmu21D9mAT22c5CiCP_D8/getUpdates "HTTP/1.1 200 OK"
2026-03-21 14:36:34,045 INFO HTTP Request: POST https://api.telegram.org/bot8636938226:AAH6mVOhS_jc50fmu21D9mAT22c5CiCP_D8/getUpdates "HTTP/1.1 200 OK"
2026-03-21 14:36:44,245 INFO HTTP Request: POST https://api.telegram.org/bot8636938226:AAH6mVOhS_jc50fmu21D9mAT22c5CiCP_D8/getUpdates "HTTP/1.1 200 OK"
2026-03-21 14:36:54,380 INFO HTTP Request: POST https://api.telegram.org/bot8636938226:AAH6mVOhS_jc50fmu21D9mAT22c5CiCP_D8/getUpdates "HTTP/1.1 200 OK"
2026-03-21 14:37:04,554 INFO HTTP Request: POST https://api.telegram.org/bot8636938226:AAH6mVOhS_jc50fmu21D9mAT22c5CiCP_D8/getUpdates "HTTP/1.1 200 OK"
2026-03-21 14:37:14,759 INFO HTTP Request: POST https://api.telegram.org/bot8636938226:AAH6mVOhS_jc50fmu21D9mAT22c5CiCP_D8/getUpdates "HTTP/1.1 200 OK"
2026-03-21 14:37:24,893 INFO HTTP Request: POST https://api.telegram.org/bot8636938226:AAH6mVOhS_jc50fmu21D9mAT22c5CiCP_D8/getUpdates "HTTP/1.1 200 OK"
2026-03-21 14:37:35,059 INFO HTTP Request: POST https://api.telegram.org/bot8636938226:AAH6mVOhS_jc50fmu21D9mAT22c5CiCP_D8/getUpdates "HTTP/1.1 200 OK"
2026-03-21 14:37:45,254 INFO HTTP Request: POST https://api.telegram.org/bot8636938226:AAH6mVOhS_jc50fmu21D9mAT22c5CiCP_D8/getUpdates "HTTP/1.1 200 OK"
2026-03-21 14:37:55,410 INFO HTTP Request: POST https://api.telegram.org/bot8636938226:AAH6mVOhS_jc50fmu21D9mAT22c5CiCP_D8/getUpdates "HTTP/1.1 200 OK"
2026-03-21 14:38:05,569 INFO HTTP Request: POST https://api.telegram.org/bot8636938226:AAH6mVOhS_jc50fmu21D9mAT22c5CiCP_D8/getUpdates "HTTP/1.1 200 OK"
2026-03-21 14:38:15,770 INFO HTTP Request: POST https://api.telegram.org/bot8636938226:AAH6mVOhS_jc50fmu21D9mAT22c5CiCP_D8/getUpdates "HTTP/1.1 200 OK"
2026-03-21 14:38:25,932 INFO HTTP Request: POST https://api.telegram.org/bot8636938226:AAH6mVOhS_jc50fmu21D9mAT22c5CiCP_D8/getUpdates "HTTP/1.1 200 OK"
2026-03-21 14:38:36,072 INFO HTTP Request: POST https://api.telegram.org/bot8636938226:AAH6mVOhS_jc50fmu21D9mAT22c5CiCP_D8/getUpdates "HTTP/1.1 200 OK"
2026-03-21 14:38:46,266 INFO HTTP Request: POST https://api.telegram.org/bot8636938226:AAH6mVOhS_jc50fmu21D9mAT22c5CiCP_D8/getUpdates "HTTP/1.1 200 OK"
2026-03-21 14:38:56,448 INFO HTTP Request: POST https://api.telegram.org/bot8636938226:AAH6mVOhS_jc50fmu21D9mAT22c5CiCP_D8/getUpdates "HTTP/1.1 200 OK"
2026-03-21 14:39:06,588 INFO HTTP Request: POST https://api.telegram.org/bot8636938226:AAH6mVOhS_jc50fmu21D9mAT22c5CiCP_D8/getUpdates "HTTP/1.1 200 OK"
2026-03-21 14:39:16,774 INFO HTTP Request: POST https://api.telegram.org/bot8636938226:AAH6mVOhS_jc50fmu21D9mAT22c5CiCP_D8/getUpdates "HTTP/1.1 200 OK"
2026-03-21 14:39:26,974 INFO HTTP Request: POST https://api.telegram.org/bot8636938226:AAH6mVOhS_jc50fmu21D9mAT22c5CiCP_D8/getUpdates "HTTP/1.1 200 OK"
2026-03-21 14:39:37,088 INFO HTTP Request: POST https://api.telegram.org/bot8636938226:AAH6mVOhS_jc50fmu21D9mAT22c5CiCP_D8/getUpdates "HTTP/1.1 200 OK"
2026-03-21 14:39:47,275 INFO HTTP Request: POST https://api.telegram.org/bot8636938226:AAH6mVOhS_jc50fmu21D9mAT22c5CiCP_D8/getUpdates "HTTP/1.1 200 OK"
2026-03-21 14:39:57,484 INFO HTTP Request: POST https://api.telegram.org/bot8636938226:AAH6mVOhS_jc50fmu21D9mAT22c5CiCP_D8/getUpdates "HTTP/1.1 200 OK"
2026-03-21 14:40:07,610 INFO HTTP Request: POST https://api.telegram.org/bot8636938226:AAH6mVOhS_jc50fmu21D9mAT22c5CiCP_D8/getUpdates "HTTP/1.1 200 OK"
2026-03-21 14:40:17,785 INFO HTTP Request: POST https://api.telegram.org/bot8636938226:AAH6mVOhS_jc50fmu21D9mAT22c5CiCP_D8/getUpdates "HTTP/1.1 200 OK"
2026-03-21 14:40:27,990 INFO HTTP Request: POST https://api.telegram.org/bot8636938226:AAH6mVOhS_jc50fmu21D9mAT22c5CiCP_D8/getUpdates "HTTP/1.1 200 OK"
2026-03-21 14:40:38,124 INFO HTTP Request: POST https://api.telegram.org/bot8636938226:AAH6mVOhS_jc50fmu21D9mAT22c5CiCP_D8/getUpdates "HTTP/1.1 200 OK"
2026-03-21 14:40:48,310 INFO HTTP Request: POST https://api.telegram.org/bot8636938226:AAH6mVOhS_jc50fmu21D9mAT22c5CiCP_D8/getUpdates "HTTP/1.1 200 OK"
2026-03-21 14:40:58,519 INFO HTTP Request: POST https://api.telegram.org/bot8636938226:AAH6mVOhS_jc50fmu21D9mAT22c5CiCP_D8/getUpdates "HTTP/1.1 200 OK"
2026-03-21 14:41:08,663 INFO HTTP Request: POST https://api.telegram.org/bot8636938226:AAH6mVOhS_jc50fmu21D9mAT22c5CiCP_D8/getUpdates "HTTP/1.1 200 OK"
2026-03-21 14:41:18,818 INFO HTTP Request: POST https://api.telegram.org/bot8636938226:AAH6mVOhS_jc50fmu21D9mAT22c5CiCP_D8/getUpdates "HTTP/1.1 200 OK"
2026-03-21 14:41:29,047 INFO HTTP Request: POST https://api.telegram.org/bot8636938226:AAH6mVOhS_jc50fmu21D9mAT22c5CiCP_D8/getUpdates "HTTP/1.1 200 OK"
2026-03-21 14:41:39,208 INFO HTTP Request: POST https://api.telegram.org/bot8636938226:AAH6mVOhS_jc50fmu21D9mAT22c5CiCP_D8/getUpdates "HTTP/1.1 200 OK"
2026-03-21 14:41:49,352 INFO HTTP Request: POST https://api.telegram.org/bot8636938226:AAH6mVOhS_jc50fmu21D9mAT22c5CiCP_D8/getUpdates "HTTP/1.1 200 OK"
2026-03-21 14:41:59,552 INFO HTTP Request: POST https://api.telegram.org/bot8636938226:AAH6mVOhS_jc50fmu21D9mAT22c5CiCP_D8/getUpdates "HTTP/1.1 200 OK"
2026-03-21 14:42:09,739 INFO HTTP Request: POST https://api.telegram.org/bot8636938226:AAH6mVOhS_jc50fmu21D9mAT22c5CiCP_D8/getUpdates "HTTP/1.1 200 OK"
2026-03-21 14:42:19,848 INFO HTTP Request: POST https://api.telegram.org/bot8636938226:AAH6mVOhS_jc50fmu21D9mAT22c5CiCP_D8/getUpdates "HTTP/1.1 200 OK"
2026-03-21 14:42:30,048 INFO HTTP Request: POST https://api.telegram.org/bot8636938226:AAH6mVOhS_jc50fmu21D9mAT22c5CiCP_D8/getUpdates "HTTP/1.1 200 OK"
2026-03-21 14:42:40,248 INFO HTTP Request: POST https://api.telegram.org/bot8636938226:AAH6mVOhS_jc50fmu21D9mAT22c5CiCP_D8/getUpdates "HTTP/1.1 200 OK"
